// Jest Snapshot v1, https://goo.gl/fbAQLP

exports[`can build a plugin 1`] = `
Object {
  "status": 0,
  "stderr": "",
  "stdout": "ðŸŽƒ  Generating Nexus artifacts ...
ðŸŽƒ  Compiling ...
ðŸŽƒ  Pumpkins server successfully compiled!
",
}
`;

exports[`can build a plugin 2`] = `
Object {
  "children": Array [
    Object {
      "name": "app.js",
      "size": 319,
      "type": "file",
    },
    Object {
      "name": "myplugin.js",
      "size": 268,
      "type": "file",
    },
    Object {
      "name": "schema.js",
      "size": 366,
      "type": "file",
    },
    Object {
      "name": "start.js",
      "size": 625,
      "type": "file",
    },
  ],
  "name": "dist",
  "size": 1578,
  "type": "dir",
}
`;

exports[`can build with just a schema folder of modules 1`] = `
Object {
  "status": 0,
  "stderr": "",
  "stdout": "ðŸŽƒ  Generating Nexus artifacts ...
ðŸŽƒ  Compiling ...
ðŸŽƒ  Pumpkins server successfully compiled!
",
}
`;

exports[`can build with just a schema folder of modules 2`] = `
Object {
  "children": Array [
    Object {
      "name": "a.js",
      "size": 95,
      "type": "file",
    },
    Object {
      "name": "start.js",
      "size": 472,
      "type": "file",
    },
  ],
  "name": "build",
  "size": 567,
  "type": "dir",
}
`;

exports[`can build with just a schema module 1`] = `
Object {
  "status": 0,
  "stderr": "",
  "stdout": "ðŸŽƒ  Generating Nexus artifacts ...
ðŸŽƒ  Compiling ...
ðŸŽƒ  Pumpkins server successfully compiled!
",
}
`;

exports[`can build with just a schema module 2`] = `
Object {
  "children": Array [
    Object {
      "name": "schema.js",
      "size": 95,
      "type": "file",
    },
    Object {
      "name": "start.js",
      "size": 470,
      "type": "file",
    },
  ],
  "name": "build",
  "size": 565,
  "type": "dir",
}
`;

exports[`can build with schema + app modules 1`] = `
Object {
  "status": 0,
  "stderr": "",
  "stdout": "ðŸŽƒ  Generating Nexus artifacts ...
ðŸŽƒ  Compiling ...
ðŸŽƒ  Pumpkins server successfully compiled!
",
}
`;

exports[`can build with schema + app modules 2`] = `
Object {
  "children": Array [
    Object {
      "name": "app.js",
      "size": 34,
      "type": "file",
    },
    Object {
      "name": "schema.js",
      "size": 95,
      "type": "file",
    },
    Object {
      "name": "start.js",
      "size": 625,
      "type": "file",
    },
  ],
  "name": "dist",
  "size": 754,
  "type": "dir",
}
`;
